VERS_4.14.0 {
	global:
		xenstat_init;
		xenstat_uninit;
		xenstat_get_node;
		xenstat_free_node;
		xenstat_node_domain;
		xenstat_node_domain_by_index;
		xenstat_node_xen_version;
		xenstat_node_tot_mem;
		xenstat_node_free_mem;
		xenstat_node_freeable_mb;
		xenstat_node_num_domains;
		xenstat_node_num_cpus;
		xenstat_node_cpu_hz;
		xenstat_domain_id;
		xenstat_domain_name;
		xenstat_domain_cpu_ns;
		xenstat_domain_num_vcpus;
		xenstat_domain_vcpu;
		xenstat_domain_cur_mem;
		xenstat_domain_max_mem;
		xenstat_domain_ssid;
		xenstat_domain_dying;
		xenstat_domain_crashed;
		xenstat_domain_shutdown;
		xenstat_domain_paused;
		xenstat_domain_blocked;
		xenstat_domain_running;
		xenstat_domain_num_networks;
		xenstat_domain_network;
		xenstat_domain_num_vbds;
		xenstat_domain_vbd;
		xenstat_vcpu_online;
		xenstat_vcpu_ns;
		xenstat_network_id;
		xenstat_network_rbytes;
		xenstat_network_rpackets;
		xenstat_network_rerrs;
		xenstat_network_rdrop;
		xenstat_network_tbytes;
		xenstat_network_tpackets;
		xenstat_network_terrs;
		xenstat_network_tdrop;
		xenstat_vbd_type;
		xenstat_vbd_dev;
		xenstat_vbd_oo_reqs;
		xenstat_vbd_rd_reqs;
		xenstat_vbd_wr_reqs;
		xenstat_vbd_rd_sects;
		xenstat_vbd_wr_sects;
		xenstat_vbd_error;
	local: *; /* Do not expose anything by default */
};
